
> multi-agent-rag-frontend@0.1.0 build
> tsc -b && vite build --config vite.config.ts

[36mvite v6.4.2 [32mbuilding for production...[36m[39m
transforming...
[32m✓[39m 28 modules transformed.
[31m✗[39m Build failed in 325ms
[31merror during build:
[31m[vite:css] [postcss] postcss-import: C:\Users\pocheang\Desktop\llm\multi_agent_rag_local_v4\frontend\src\styles\main.css:12:48: Unknown word auth|chat|admin[31m
file: [36mC:\Users\pocheang\Desktop\llm\multi_agent_rag_local_v4\frontend\src\styles\main.css:12:47 (C:/Users/pocheang/Desktop/llm/multi_agent_rag_local_v4/frontend/src/styles.css)[31m
    at Input.error (C:\Users\pocheang\Desktop\llm\multi_agent_rag_local_v4\frontend\node_modules\postcss\lib\input.js:135:16)
    at Parser.unknownWord (C:\Users\pocheang\Desktop\llm\multi_agent_rag_local_v4\frontend\node_modules\postcss\lib\parser.js:595:22)
    at Parser.other (C:\Users\pocheang\Desktop\llm\multi_agent_rag_local_v4\frontend\node_modules\postcss\lib\parser.js:437:12)
    at Parser.parse (C:\Users\pocheang\Desktop\llm\multi_agent_rag_local_v4\frontend\node_modules\postcss\lib\parser.js:472:16)
    at parse (C:\Users\pocheang\Desktop\llm\multi_agent_rag_local_v4\frontend\node_modules\postcss\lib\parse.js:11:12)
    at get root (C:\Users\pocheang\Desktop\llm\multi_agent_rag_local_v4\frontend\node_modules\postcss\lib\no-work-result.js:43:14)
    at Result.get [as root] (C:\Users\pocheang\Desktop\llm\multi_agent_rag_local_v4\frontend\node_modules\postcss\lib\no-work-result.js:76:21)
    at loadImportContent (file:///C:/Users/pocheang/Desktop/llm/multi_agent_rag_local_v4/frontend/node_modules/vite/dist/node/chunks/dep-4-IQbZQm.js:696:33)
    at async Promise.all (index 0)
    at async resolveImportId (file:///C:/Users/pocheang/Desktop/llm/multi_agent_rag_local_v4/frontend/node_modules/vite/dist/node/chunks/dep-4-IQbZQm.js:629:27)[39m
